# serializer version: 1
# name: test_parse_file_v1[v1_1.xml]
  dict({
    'class': 'EcoSpold',
    'datasets': list([
      dict({
        'class': 'Dataset',
        'flowData': dict({
          'allocations': list([
            dict({
              'allocationMethod': -1,
              'allocationMethodStr': 'Undefined',
              'class': 'Allocation',
              'explanations': '',
              'fraction': 97.6,
              'referenceToCoProduct': 1,
              'referenceToInputOutputs': list([
                1,
              ]),
            }),
          ]),
          'class': 'FlowData',
          'exchanges': list([
            dict({
              'CASNumber': '',
              'category': 'agricultural means of production',
              'class': 'Exchange',
              'formula': '0',
              'generalComment': '',
              'groups': list([
                0,
              ]),
              'groupsStr': list([
                'ReferenceProduct',
              ]),
              'infrastructureProcess': True,
              'localCategory': 'Landwirtschaftliche Produktionsmittel',
              'localName': 'Kompostieranlage, offen',
              'localSubCategory': 'Gebäude',
              'location': 'CH',
              'maxValue': nan,
              'meanValue': 1.0,
              'minValue': nan,
              'mostLikelyValue': nan,
              'name': 'compost plant, open',
              'number': 1,
              'pageNumbers': '',
              'referenceToSource': 0,
              'standardDeviation95': nan,
              'subCategory': 'buildings',
              'uncertaintyType': 0,
              'uncertaintyTypeStr': 'undefined',
              'unit': 'unit',
            }),
            dict({
              'CASNumber': '007439-89-6',
              'category': 'waste management',
              'class': 'Exchange',
              'formula': 'Fe',
              'generalComment': '(2,3,1,1,1,5)',
              'groups': list([
                5,
              ]),
              'groupsStr': list([
                'FromTechnosphere',
              ]),
              'infrastructureProcess': False,
              'localCategory': 'Entsorgungssysteme',
              'localName': 'Entsorgung, Gebäude, Armierungseisen, ins Recycling',
              'localSubCategory': 'Recycling',
              'location': 'CH',
              'maxValue': nan,
              'meanValue': 21200.0,
              'minValue': nan,
              'mostLikelyValue': nan,
              'name': 'disposal, building, reinforcement steel, to recycling',
              'number': 2156,
              'pageNumbers': '',
              'referenceToSource': 0,
              'standardDeviation95': 1.22,
              'subCategory': 'recycling',
              'uncertaintyType': 1,
              'uncertaintyTypeStr': 'lognormal',
              'unit': 'kg',
            }),
          ]),
        }),
        'generator': 'EcoAdmin 1.1.17.110',
        'internalSchemaVersion': '1.0',
        'metaInformation': dict({
          'administrativeInformation': dict({
            'class': 'AdministrativeInformation',
            'dataEntryBy': dict({
              'class': 'DataEntryBy',
              'person': 309,
              'qualityNetwork': 1,
            }),
            'dataGeneratorAndPublication': dict({
              'accessRestrictedTo': 0,
              'accessRestrictedToStr': 'Public',
              'class': 'DataGeneratorAndPublication',
              'companyCode': '',
              'copyright': True,
              'countryCode': '',
              'dataPublishedIn': 2,
              'dataPublishedInStr': "Data has been published entirely in 'referenceToPublishedSource'",
              'pageNumbers': '',
              'person': 309,
              'referenceToPublishedSource': 146,
            }),
            'persons': list([
              dict({
                'address': 'address',
                'class': 'Person',
                'companyCode': 'EMPA-SG',
                'countryCode': 'CH',
                'email': 'email@domain.com',
                'name': 'name',
                'number': 309,
                'telefax': 'telefax',
                'telephone': 'telephone',
              }),
              dict({
                'address': 'address',
                'class': 'Person',
                'companyCode': 'EMPA-SG',
                'countryCode': 'CH',
                'email': 'email@domain.com',
                'name': 'name',
                'number': 291,
                'telefax': 'telefax',
                'telephone': 'telephone',
              }),
            ]),
          }),
          'class': 'MetaInformation',
          'modellingAndValidation': dict({
            'class': 'ModellingAndValidation',
            'representativeness': dict({
              'class': 'Representativeness',
              'extrapolations': 'none',
              'percent': nan,
              'productionVolume': '',
              'samplingProcedure': 'Data come from one compost plant in Switzerland.',
              'uncertaintyAdjustments': 'none',
            }),
            'sources': list([
              dict({
                'additionalAuthors': 'Heil A., Huguenin, O., Meier, S., Erzinger S., Blaser S., Dux. D., Zimmermann A.,',
                'class': 'Source',
                'firstAuthor': 'Nemecek, T.',
                'issueNo': '',
                'journal': '',
                'nameOfEditors': '',
                'number': 146,
                'pageNumbers': '',
                'placeOfPublications': 'Dübendorf, CH',
                'publisher': 'Swiss Centre for LCI, FAL & FAT',
                'sourceType': 4,
                'sourceTypeStr': 'Measurement on site',
                'text': 'CD-ROM',
                'title': 'Life Cycle Inventories of Agricultural Production Systems',
                'titleOfAnthology': 'Final report ecoinvent 2000',
                'volumeNo': 15,
                'year': 2003,
              }),
            ]),
            'validation': dict({
              'class': 'Validation',
              'otherDetails': '',
              'proofReadingDetails': 'Passed.',
              'proofReadingValidator': 291,
            }),
          }),
          'processInformation': dict({
            'class': 'ProcessInformation',
            'dataSetInformation': dict({
              'class': 'DataSetInformation',
              'energyValues': 0,
              'energyValuesStr': 'Undefined',
              'impactAssessmentResult': False,
              'internalVersion': '53.03',
              'languageCode': 'en',
              'localLanguageCode': 'de',
              'timestamp': datetime.datetime(2003, 9, 12, 10, 14, 36),
              'type': 1,
              'typeStr': 'Unit process',
              'version': '1.3',
            }),
            'geography': dict({
              'class': 'Geography',
              'location': 'CH',
              'text': 'Values refer to the situtation in Switzerland.',
            }),
            'referenceFunction': dict({
              'CASNumber': '',
              'amount': 1.0,
              'category': 'agricultural means of production',
              'class': 'ReferenceFunction',
              'datasetRelatesToProduct': True,
              'formula': '0',
              'generalComment': 'The inventory refers to a compost plant over the lifetime of 25 years. The compost plant is constructed for a treating capactiy of 10‘000 tons biogenic waste per year. The total turnover of the plant over the entire lifetime of 25 years amounts thus 250‘000 tons biogenic waste.',
              'includedProcesses': 'Building materials required for a compost plant and its construction as well as the disposal of these materials were included. Land use during construction and use is considered. The lifetime of the plant was assumed as 25 years. Transport of the building materials to the construction site were included.',
              'infrastructureIncluded': True,
              'infrastructureProcess': True,
              'localCategory': 'Landwirtschaftliche Produktionsmittel',
              'localName': 'Kompostieranlage, offen',
              'localSubCategory': 'Gebäude',
              'name': 'compost plant, open',
              'statisticalClassification': 0,
              'subCategory': 'buildings',
              'synonyms': list([
                '0',
              ]),
              'unit': 'unit',
            }),
            'technology': dict({
              'class': 'Technology',
              'text': 'Refer to open plant composting.',
            }),
            'timePeriod': dict({
              'class': 'TimePeriod',
              'dataValidForEntirePeriod': True,
              'endDate': datetime.date(1999, 12, 31),
              'startDate': datetime.date(1999, 1, 1),
              'text': 'Year when reference used for this inventory was published.',
            }),
          }),
        }),
        'number': 1,
        'timestamp': datetime.datetime(2006, 10, 31, 20, 34, 59),
        'validCategories': 'Categories.xml',
        'validCompanyCodes': 'CompanyCodes.xml',
        'validRegionalCodes': 'RegionalCodes.xml',
        'validUnits': 'Units.xml',
      }),
    ]),
    'validationId': 0,
    'validationStatus': 'validationStatus',
  })
# ---
# name: test_parse_file_v1[v1_2.spold]
  dict({
    'class': 'EcoSpold',
    'datasets': list([
      dict({
        'class': 'Dataset',
        'flowData': dict({
          'allocations': list([
          ]),
          'class': 'FlowData',
          'exchanges': list([
            dict({
              'CASNumber': '',
              'category': 'agricultural means of production',
              'class': 'Exchange',
              'formula': '',
              'generalComment': '',
              'groups': list([
                0,
              ]),
              'groupsStr': list([
                'ReferenceProduct',
              ]),
              'infrastructureProcess': True,
              'localCategory': 'Landwirtschaftliche Produktionsmittel',
              'localName': 'Labelstall, Schwein',
              'localSubCategory': 'Gebäude',
              'location': 'CH',
              'maxValue': nan,
              'meanValue': 1.0,
              'minValue': nan,
              'mostLikelyValue': nan,
              'name': 'label housing system, pig',
              'number': 11,
              'pageNumbers': '',
              'referenceToSource': 0,
              'standardDeviation95': nan,
              'subCategory': 'buildings',
              'uncertaintyType': 0,
              'uncertaintyTypeStr': 'undefined',
              'unit': 'pig place',
            }),
            dict({
              'CASNumber': '',
              'category': 'construction materials',
              'class': 'Exchange',
              'formula': '',
              'generalComment': '(1,2,1,1,1,na)',
              'groups': list([
                5,
              ]),
              'groupsStr': list([
                'FromTechnosphere',
              ]),
              'infrastructureProcess': False,
              'localCategory': 'Mineralische Baustoffe',
              'localName': 'Rundkies, ab Abbau',
              'localSubCategory': 'Zuschlags- Füllstoffe',
              'location': 'CH',
              'maxValue': nan,
              'meanValue': 493.0,
              'minValue': nan,
              'mostLikelyValue': nan,
              'name': 'gravel, round, at mine',
              'number': 464,
              'pageNumbers': '',
              'referenceToSource': 0,
              'standardDeviation95': 1.05,
              'subCategory': 'additives',
              'uncertaintyType': 1,
              'uncertaintyTypeStr': 'lognormal',
              'unit': 'kg',
            }),
            dict({
              'CASNumber': '',
              'category': 'construction materials',
              'class': 'Exchange',
              'formula': '',
              'generalComment': '(1,2,1,1,1,na)',
              'groups': list([
                5,
              ]),
              'groupsStr': list([
                'FromTechnosphere',
              ]),
              'infrastructureProcess': False,
              'localCategory': 'Mineralische Baustoffe',
              'localName': 'Portlandzement, Festigkeitsklasse Z 42.5, ab Werk',
              'localSubCategory': 'Bindemittel',
              'location': 'CH',
              'maxValue': nan,
              'meanValue': 14.8,
              'minValue': nan,
              'mostLikelyValue': nan,
              'name': 'portland cement, strength class Z 42.5, at plant',
              'number': 490,
              'pageNumbers': '',
              'referenceToSource': 0,
              'standardDeviation95': 1.05,
              'subCategory': 'binder',
              'uncertaintyType': 1,
              'uncertaintyTypeStr': 'lognormal',
              'unit': 'kg',
            }),
            dict({
              'CASNumber': '',
              'category': 'construction materials',
              'class': 'Exchange',
              'formula': '',
              'generalComment': '(1,2,1,1,1,na)',
              'groups': list([
                5,
              ]),
              'groupsStr': list([
                'FromTechnosphere',
              ]),
              'infrastructureProcess': False,
              'localCategory': 'Mineralische Baustoffe',
              'localName': 'Backstein, ab Werk',
              'localSubCategory': 'Mauersteine',
              'location': 'RER',
              'maxValue': nan,
              'meanValue': 230.0,
              'minValue': nan,
              'mostLikelyValue': nan,
              'name': 'brick, at plant',
              'number': 495,
              'pageNumbers': '',
              'referenceToSource': 0,
              'standardDeviation95': 1.05,
              'subCategory': 'bricks',
              'uncertaintyType': 1,
              'uncertaintyTypeStr': 'lognormal',
              'unit': 'kg',
            }),
            dict({
              'CASNumber': '',
              'category': 'construction materials',
              'class': 'Exchange',
              'formula': '',
              'generalComment': '(1,2,1,1,1,na)',
              'groups': list([
                5,
              ]),
              'groupsStr': list([
                'FromTechnosphere',
              ]),
              'infrastructureProcess': False,
              'localCategory': 'Mineralische Baustoffe',
              'localName': 'Beton, normal, ab Werk',
              'localSubCategory': 'Beton und Betonwaren',
              'location': 'CH',
              'maxValue': nan,
              'meanValue': 1.42,
              'minValue': nan,
              'mostLikelyValue': nan,
              'name': 'concrete, normal, at plant',
              'number': 504,
              'pageNumbers': '',
              'referenceToSource': 0,
              'standardDeviation95': 1.05,
              'subCategory': 'concrete',
              'uncertaintyType': 1,
              'uncertaintyTypeStr': 'lognormal',
              'unit': 'm3',
            }),
            dict({
              'CASNumber': '',
              'category': 'construction materials',
              'class': 'Exchange',
              'formula': '',
              'generalComment': '(1,2,1,1,1,na)',
              'groups': list([
                5,
              ]),
              'groupsStr': list([
                'FromTechnosphere',
              ]),
              'infrastructureProcess': False,
              'localCategory': 'Mineralische Baustoffe',
              'localName': 'Magerbeton, ab Werk',
              'localSubCategory': 'Beton und Betonwaren',
              'location': 'CH',
              'maxValue': nan,
              'meanValue': 0.13,
              'minValue': nan,
              'mostLikelyValue': nan,
              'name': 'poor concrete, at plant',
              'number': 511,
              'pageNumbers': '',
              'referenceToSource': 0,
              'standardDeviation95': 1.05,
              'subCategory': 'concrete',
              'uncertaintyType': 1,
              'uncertaintyTypeStr': 'lognormal',
              'unit': 'm3',
            }),
            dict({
              'CASNumber': '',
              'category': 'construction materials',
              'class': 'Exchange',
              'formula': '',
              'generalComment': '(1,2,1,1,1,na)',
              'groups': list([
                5,
              ]),
              'groupsStr': list([
                'FromTechnosphere',
              ]),
              'infrastructureProcess': False,
              'localCategory': 'Mineralische Baustoffe',
              'localName': 'Faserzementwellplatte, ab Werk',
              'localSubCategory': 'Abdeckungen',
              'location': 'CH',
              'maxValue': nan,
              'meanValue': 9.35,
              'minValue': nan,
              'mostLikelyValue': nan,
              'name': 'fibre cement corrugated slab, at plant',
              'number': 513,
              'pageNumbers': '',
              'referenceToSource': 0,
              'standardDeviation95': 1.05,
              'subCategory': 'coverings',
              'uncertaintyType': 1,
              'uncertaintyTypeStr': 'lognormal',
              'unit': 'kg',
            }),
            dict({
              'CASNumber': '',
              'category': 'construction materials',
              'class': 'Exchange',
              'formula': '',
              'generalComment': '(1,2,1,1,1,na)',
              'groups': list([
                5,
              ]),
              'groupsStr': list([
                'FromTechnosphere',
              ]),
              'infrastructureProcess': False,
              'localCategory': 'Mineralische Baustoffe',
              'localName': 'Faserzementfassadenplatte, ab Werk',
              'localSubCategory': 'Abdeckungen',
              'location': 'CH',
              'maxValue': nan,
              'meanValue': 53.3,
              'minValue': nan,
              'mostLikelyValue': nan,
              'name': 'fibre cement facing tile, at plant',
              'number': 514,
              'pageNumbers': '',
              'referenceToSource': 0,
              'standardDeviation95': 1.05,
              'subCategory': 'coverings',
              'uncertaintyType': 1,
              'uncertaintyTypeStr': 'lognormal',
              'unit': 'kg',
            }),
            dict({
              'CASNumber': '',
              'category': 'mortar and plaster',
              'class': 'Exchange',
              'formula': '',
              'generalComment': '(1,2,1,1,1,na)',
              'groups': list([
                5,
              ]),
              'groupsStr': list([
                'FromTechnosphere',
              ]),
              'infrastructureProcess': False,
              'localCategory': 'Mörtel und Putze',
              'localName': 'Zementmörtel, ab Werk',
              'localSubCategory': 'Herstellung',
              'location': 'CH',
              'maxValue': nan,
              'meanValue': 57.8,
              'minValue': nan,
              'mostLikelyValue': nan,
              'name': 'cement mortar, at plant',
              'number': 537,
              'pageNumbers': '',
              'referenceToSource': 0,
              'standardDeviation95': 1.05,
              'subCategory': 'production',
              'uncertaintyType': 1,
              'uncertaintyTypeStr': 'lognormal',
              'unit': 'kg',
            }),
            dict({
              'CASNumber': '',
              'category': 'construction processes',
              'class': 'Exchange',
              'formula': '',
              'generalComment': '(1,2,1,1,1,na)',
              'groups': list([
                5,
              ]),
              'groupsStr': list([
                'FromTechnosphere',
              ]),
              'infrastructureProcess': False,
              'localCategory': 'Bauprozesse',
              'localName': 'Aushub Hydraulikbagger',
              'localSubCategory': 'Tiefbau',
              'location': 'RER',
              'maxValue': nan,
              'meanValue': 6.26,
              'minValue': nan,
              'mostLikelyValue': nan,
              'name': 'excavation, hydraulic digger',
              'number': 553,
              'pageNumbers': '',
              'referenceToSource': 0,
              'standardDeviation95': 1.05,
              'subCategory': 'civil engineering',
              'uncertaintyType': 1,
              'uncertaintyTypeStr': 'lognormal',
              'unit': 'm3',
            }),
            dict({
              'CASNumber': '',
              'category': 'construction processes',
              'class': 'Exchange',
              'formula': '',
              'generalComment': '(1,2,1,1,1,na)',
              'groups': list([
                5,
              ]),
              'groupsStr': list([
                'FromTechnosphere',
              ]),
              'infrastructureProcess': False,
              'localCategory': 'Bauprozesse',
              'localName': 'Aushub Frontladerraupe',
              'localSubCategory': 'Tiefbau',
              'location': 'RER',
              'maxValue': nan,
              'meanValue': 3.44,
              'minValue': nan,
              'mostLikelyValue': nan,
              'name': 'excavation, skid-steer loader',
              'number': 554,
              'pageNumbers': '',
              'referenceToSource': 0,
              'standardDeviation95': 1.05,
              'subCategory': 'civil engineering',
              'uncertaintyType': 1,
              'uncertaintyTypeStr': 'lognormal',
              'unit': 'm3',
            }),
            dict({
              'CASNumber': '',
              'category': 'electricity',
              'class': 'Exchange',
              'formula': '',
              'generalComment': '(1,2,1,1,1,na)',
              'groups': list([
                5,
              ]),
              'groupsStr': list([
                'FromTechnosphere',
              ]),
              'infrastructureProcess': False,
              'localCategory': 'Elektrizität',
              'localName': 'Strom, Niederspannung, ab Netz',
              'localSubCategory': 'Versorgungsmix',
              'location': 'CH',
              'maxValue': nan,
              'meanValue': 6.25,
              'minValue': nan,
              'mostLikelyValue': nan,
              'name': 'electricity, low voltage, at grid',
              'number': 752,
              'pageNumbers': '',
              'referenceToSource': 0,
              'standardDeviation95': 1.05,
              'subCategory': 'supply mix',
              'uncertaintyType': 1,
              'uncertaintyTypeStr': 'lognormal',
              'unit': 'kWh',
            }),
            dict({
              'CASNumber': '',
              'category': 'glass',
              'class': 'Exchange',
              'formula': '',
              'generalComment': '(1,2,1,1,1,na)',
              'groups': list([
                5,
              ]),
              'groupsStr': list([
                'FromTechnosphere',
              ]),
              'infrastructureProcess': False,
              'localCategory': 'Glas',
              'localName': 'Flachglas, unbeschichtet, ab Werk',
              'localSubCategory': 'Bauglas',
              'location': 'RER',
              'maxValue': nan,
              'meanValue': 1.32,
              'minValue': nan,
              'mostLikelyValue': nan,
              'name': 'flat glass, uncoated, at plant',
              'number': 806,
              'pageNumbers': '',
              'referenceToSource': 0,
              'standardDeviation95': 1.05,
              'subCategory': 'construction',
              'uncertaintyType': 1,
              'uncertaintyTypeStr': 'lognormal',
              'unit': 'kg',
            }),
            dict({
              'CASNumber': '',
              'category': 'insulation materials',
              'class': 'Exchange',
              'formula': '',
              'generalComment': '(1,2,1,1,1,na)',
              'groups': list([
                5,
              ]),
              'groupsStr': list([
                'FromTechnosphere',
              ]),
              'infrastructureProcess': False,
              'localCategory': 'Wärmedämmstoffe',
              'localName': 'Polystyrolplatte expandiert, ab Werk',
              'localSubCategory': 'Herstellung',
              'location': 'RER',
              'maxValue': nan,
              'meanValue': 0.445,
              'minValue': nan,
              'mostLikelyValue': nan,
              'name': 'polystyrene foam slab, at plant',
              'number': 998,
              'pageNumbers': '',
              'referenceToSource': 0,
              'standardDeviation95': 1.05,
              'subCategory': 'production',
              'uncertaintyType': 1,
              'uncertaintyTypeStr': 'lognormal',
              'unit': 'kg',
            }),
            dict({
              'CASNumber': '',
              'category': 'insulation materials',
              'class': 'Exchange',
              'formula': '',
              'generalComment': '(1,2,1,1,1,na)',
              'groups': list([
                5,
              ]),
              'groupsStr': list([
                'FromTechnosphere',
              ]),
              'infrastructureProcess': False,
              'localCategory': 'Wärmedämmstoffe',
              'localName': 'Steinwolle, ab Werk',
              'localSubCategory': 'Herstellung',
              'location': 'CH',
              'maxValue': nan,
              'meanValue': 1.03,
              'minValue': nan,
              'mostLikelyValue': nan,
              'name': 'rock wool, at plant',
              'number': 1000,
              'pageNumbers': '',
              'referenceToSource': 0,
              'standardDeviation95': 1.05,
              'subCategory': 'production',
              'uncertaintyType': 1,
              'uncertaintyTypeStr': 'lognormal',
              'unit': 'kg',
            }),
            dict({
              'CASNumber': '',
              'category': 'metals',
              'class': 'Exchange',
              'formula': '',
              'generalComment': '(1,2,1,1,1,na)',
              'groups': list([
                5,
              ]),
              'groupsStr': list([
                'FromTechnosphere',
              ]),
              'infrastructureProcess': False,
              'localCategory': 'Metalle',
              'localName': 'Aluminium, Produktionsmix, ab Werk',
              'localSubCategory': 'Gewinnung',
              'location': 'RER',
              'maxValue': nan,
              'meanValue': 1.28,
              'minValue': nan,
              'mostLikelyValue': nan,
              'name': 'aluminium, production mix, at plant',
              'number': 1056,
              'pageNumbers': '',
              'referenceToSource': 0,
              'standardDeviation95': 1.05,
              'subCategory': 'extraction',
              'uncertaintyType': 1,
              'uncertaintyTypeStr': 'lognormal',
              'unit': 'kg',
            }),
            dict({
              'CASNumber': '',
              'category': 'metals',
              'class': 'Exchange',
              'formula': '',
              'generalComment': '(1,2,1,1,1,na)',
              'groups': list([
                5,
              ]),
              'groupsStr': list([
                'FromTechnosphere',
              ]),
              'infrastructureProcess': False,
              'localCategory': 'Metalle',
              'localName': 'Gusseisen, ab Werk',
              'localSubCategory': 'Gewinnung',
              'location': 'RER',
              'maxValue': nan,
              'meanValue': 32.9,
              'minValue': nan,
              'mostLikelyValue': nan,
              'name': 'cast iron, at plant',
              'number': 1069,
              'pageNumbers': '',
              'referenceToSource': 0,
              'standardDeviation95': 1.05,
              'subCategory': 'extraction',
              'uncertaintyType': 1,
              'uncertaintyTypeStr': 'lognormal',
              'unit': 'kg',
            }),
            dict({
              'CASNumber': '',
              'category': 'metals',
              'class': 'Exchange',
              'formula': '',
              'generalComment': '(1,2,1,1,1,na)',
              'groups': list([
                5,
              ]),
              'groupsStr': list([
                'FromTechnosphere',
              ]),
              'infrastructureProcess': False,
              'localCategory': 'Metalle',
              'localName': 'Chromstahl 18/8, ab Werk',
              'localSubCategory': 'Gewinnung',
              'location': 'RER',
              'maxValue': nan,
              'meanValue': 57.8,
              'minValue': nan,
              'mostLikelyValue': nan,
              'name': 'chromium steel 18/8, at plant',
              'number': 1072,
              'pageNumbers': '',
              'referenceToSource': 0,
              'standardDeviation95': 1.05,
              'subCategory': 'extraction',
              'uncertaintyType': 1,
              'uncertaintyTypeStr': 'lognormal',
              'unit': 'kg',
            }),
            dict({
              'CASNumber': '',
              'category': 'metals',
              'class': 'Exchange',
              'formula': '',
              'generalComment': '(1,2,1,1,1,na)',
              'groups': list([
                5,
              ]),
              'groupsStr': list([
                'FromTechnosphere',
              ]),
              'infrastructureProcess': False,
              'localCategory': 'Metalle',
              'localName': 'Kupfer, ab Regionallager',
              'localSubCategory': 'Gewinnung',
              'location': 'RER',
              'maxValue': nan,
              'meanValue': 2.79,
              'minValue': nan,
              'mostLikelyValue': nan,
              'name': 'copper, at regional storage',
              'number': 1074,
              'pageNumbers': '',
              'referenceToSource': 0,
              'standardDeviation95': 1.05,
              'subCategory': 'extraction',
              'uncertaintyType': 1,
              'uncertaintyTypeStr': 'lognormal',
              'unit': 'kg',
            }),
            dict({
              'CASNumber': '',
              'category': 'metals',
              'class': 'Exchange',
              'formula': '',
              'generalComment': '(1,2,1,1,1,na)',
              'groups': list([
                5,
              ]),
              'groupsStr': list([
                'FromTechnosphere',
              ]),
              'infrastructureProcess': False,
              'localCategory': 'Metalle',
              'localName': 'Armierungsstahl, ab Werk',
              'localSubCategory': 'Gewinnung',
              'location': 'RER',
              'maxValue': nan,
              'meanValue': 78.4,
              'minValue': nan,
              'mostLikelyValue': nan,
              'name': 'reinforcing steel, at plant',
              'number': 1141,
              'pageNumbers': '',
              'referenceToSource': 0,
              'standardDeviation95': 1.05,
              'subCategory': 'extraction',
              'uncertaintyType': 1,
              'uncertaintyTypeStr': 'lognormal',
              'unit': 'kg',
            }),
            dict({
              'CASNumber': '',
              'category': 'metals',
              'class': 'Exchange',
              'formula': '',
              'generalComment': '(1,2,1,1,1,na)',
              'groups': list([
                5,
              ]),
              'groupsStr': list([
                'FromTechnosphere',
              ]),
              'infrastructureProcess': False,
              'localCategory': 'Metalle',
              'localName': 'Stahl, niedriglegiert, ab Werk',
              'localSubCategory': 'Gewinnung',
              'location': 'RER',
              'maxValue': nan,
              'meanValue': 7.87,
              'minValue': nan,
              'mostLikelyValue': nan,
              'name': 'steel, low-alloyed, at plant',
              'number': 1154,
              'pageNumbers': '',
              'referenceToSource': 0,
              'standardDeviation95': 1.05,
              'subCategory': 'extraction',
              'uncertaintyType': 1,
              'uncertaintyTypeStr': 'lognormal',
              'unit': 'kg',
            }),
            dict({
              'CASNumber': '',
              'category': 'metals',
              'class': 'Exchange',
              'formula': '',
              'generalComment': '(1,2,1,1,1,na)',
              'groups': list([
                5,
              ]),
              'groupsStr': list([
                'FromTechnosphere',
              ]),
              'infrastructureProcess': False,
              'localCategory': 'Metalle',
              'localName': 'Blech walzen, Stahl',
              'localSubCategory': 'Verarbeitung',
              'location': 'RER',
              'maxValue': nan,
              'meanValue': 7.87,
              'minValue': nan,
              'mostLikelyValue': nan,
              'name': 'sheet rolling, steel',
              'number': 1174,
              'pageNumbers': '',
              'referenceToSource': 0,
              'standardDeviation95': 1.05,
              'subCategory': 'processing',
              'uncertaintyType': 1,
              'uncertaintyTypeStr': 'lognormal',
              'unit': 'kg',
            }),
            dict({
              'CASNumber': '',
              'category': 'metals',
              'class': 'Exchange',
              'formula': '',
              'generalComment': '(1,2,1,1,1,na)',
              'groups': list([
                5,
              ]),
              'groupsStr': list([
                'FromTechnosphere',
              ]),
              'infrastructureProcess': False,
              'localCategory': 'Metalle',
              'localName': 'Bandverzinkung',
              'localSubCategory': 'Verarbeitung',
              'location': 'RER',
              'maxValue': nan,
              'meanValue': 1.67,
              'minValue': nan,
              'mostLikelyValue': nan,
              'name': 'zinc coating, coils',
              'number': 1180,
              'pageNumbers': '',
              'referenceToSource': 0,
              'standardDeviation95': 1.05,
              'subCategory': 'processing',
              'uncertaintyType': 1,
              'uncertaintyTypeStr': 'lognormal',
              'unit': 'm2',
            }),
            dict({
              'CASNumber': '',
              'category': 'metals',
              'class': 'Exchange',
              'formula': '',
              'generalComment': '(1,2,1,1,1,na)',
              'groups': list([
                5,
              ]),
              'groupsStr': list([
                'FromTechnosphere',
              ]),
              'infrastructureProcess': False,
              'localCategory': 'Metalle',
              'localName': 'Stückverzinkung',
              'localSubCategory': 'Verarbeitung',
              'location': 'RER',
              'maxValue': nan,
              'meanValue': 1.74,
              'minValue': nan,
              'mostLikelyValue': nan,
              'name': 'zinc coating, pieces',
              'number': 1181,
              'pageNumbers': '',
              'referenceToSource': 0,
              'standardDeviation95': 1.05,
              'subCategory': 'processing',
              'uncertaintyType': 1,
              'uncertaintyTypeStr': 'lognormal',
              'unit': 'm2',
            }),
            dict({
              'CASNumber': '',
              'category': 'oil',
              'class': 'Exchange',
              'formula': '',
              'generalComment': '(1,2,1,1,1,na)',
              'groups': list([
                5,
              ]),
              'groupsStr': list([
                'FromTechnosphere',
              ]),
              'infrastructureProcess': False,
              'localCategory': 'Erdöl',
              'localName': 'Bitumen, ab Raffinerie',
              'localSubCategory': 'Brenn- und Treibstoffe',
              'location': 'CH',
              'maxValue': nan,
              'meanValue': 0.478,
              'minValue': nan,
              'mostLikelyValue': nan,
              'name': 'bitumen, at refinery',
              'number': 1538,
              'pageNumbers': '',
              'referenceToSource': 0,
              'standardDeviation95': 1.05,
              'subCategory': 'fuels',
              'uncertaintyType': 1,
              'uncertaintyTypeStr': 'lognormal',
              'unit': 'kg',
            }),
            dict({
              'CASNumber': '',
              'category': 'paper & cardboard',
              'class': 'Exchange',
              'formula': '',
              'generalComment': '(1,2,1,1,1,na)',
              'groups': list([
                5,
              ]),
              'groupsStr': list([
                'FromTechnosphere',
              ]),
              'infrastructureProcess': False,
              'localCategory': 'Papiere & Karton',
              'localName': 'Kraftpapier, ungebleicht, ab Werk',
              'localSubCategory': 'Verpackungspapiere',
              'location': 'RER',
              'maxValue': nan,
              'meanValue': 25.8,
              'minValue': nan,
              'mostLikelyValue': nan,
              'name': 'kraft paper, unbleached, at plant',
              'number': 1732,
              'pageNumbers': '',
              'referenceToSource': 0,
              'standardDeviation95': 1.05,
              'subCategory': 'packaging papers',
              'uncertaintyType': 1,
              'uncertaintyTypeStr': 'lognormal',
              'unit': 'kg',
            }),
            dict({
              'CASNumber': '025928-94-3',
              'category': 'plastics',
              'class': 'Exchange',
              'formula': '',
              'generalComment': '(1,2,1,1,1,na)',
              'groups': list([
                5,
              ]),
              'groupsStr': list([
                'FromTechnosphere',
              ]),
              'infrastructureProcess': False,
              'localCategory': 'Kunststoffe',
              'localName': 'Epoxydharz, flüssig, ab Werk',
              'localSubCategory': 'Monomere',
              'location': 'RER',
              'maxValue': nan,
              'meanValue': 18.7,
              'minValue': nan,
              'mostLikelyValue': nan,
              'name': 'epoxy resin, liquid, at plant',
              'number': 1802,
              'pageNumbers': '',
              'referenceToSource': 0,
              'standardDeviation95': 1.05,
              'subCategory': 'monomers',
              'uncertaintyType': 1,
              'uncertaintyTypeStr': 'lognormal',
              'unit': 'kg',
            }),
            dict({
              'CASNumber': '009002-88-4',
              'category': 'plastics',
              'class': 'Exchange',
              'formula': '',
              'generalComment': '(1,2,1,1,1,na)',
              'groups': list([
                5,
              ]),
              'groupsStr': list([
                'FromTechnosphere',
              ]),
              'infrastructureProcess': False,
              'localCategory': 'Kunststoffe',
              'localName': 'Polyethylen-Granulat, HDPE, ab Werk',
              'localSubCategory': 'Polymere (Granulate)',
              'location': 'RER',
              'maxValue': nan,
              'meanValue': 0.507,
              'minValue': nan,
              'mostLikelyValue': nan,
              'name': 'polyethylene, HDPE, granulate, at plant',
              'number': 1829,
              'pageNumbers': '',
              'referenceToSource': 0,
              'standardDeviation95': 1.05,
              'subCategory': 'polymers',
              'uncertaintyType': 1,
              'uncertaintyTypeStr': 'lognormal',
              'unit': 'kg',
            }),
            dict({
              'CASNumber': '009003-07-0',
              'category': 'plastics',
              'class': 'Exchange',
              'formula': '',
              'generalComment': '(1,2,1,1,1,na)',
              'groups': list([
                5,
              ]),
              'groupsStr': list([
                'FromTechnosphere',
              ]),
              'infrastructureProcess': False,
              'localCategory': 'Kunststoffe',
              'localName': 'Polypropylen-Granulat, ab Werk',
              'localSubCategory': 'Polymere (Granulate)',
              'location': 'RER',
              'maxValue': nan,
              'meanValue': 0.0322,
              'minValue': nan,
              'mostLikelyValue': nan,
              'name': 'polypropylene, granulate, at plant',
              'number': 1834,
              'pageNumbers': '',
              'referenceToSource': 0,
              'standardDeviation95': 1.05,
              'subCategory': 'polymers',
              'uncertaintyType': 1,
              'uncertaintyTypeStr': 'lognormal',
              'unit': 'kg',
            }),
            dict({
              'CASNumber': '009009-54-5',
              'category': 'plastics',
              'class': 'Exchange',
              'formula': '',
              'generalComment': '(1,2,1,1,1,na)',
              'groups': list([
                5,
              ]),
              'groupsStr': list([
                'FromTechnosphere',
              ]),
              'infrastructureProcess': False,
              'localCategory': 'Kunststoffe',
              'localName': 'Polyurethan, Schaum fest, ab Werk',
              'localSubCategory': 'Polymere (Granulate)',
              'location': 'RER',
              'maxValue': nan,
              'meanValue': 0.088,
              'minValue': nan,
              'mostLikelyValue': nan,
              'name': 'polyurethane, rigid foam, at plant',
              'number': 1839,
              'pageNumbers': '',
              'referenceToSource': 0,
              'standardDeviation95': 1.05,
              'subCategory': 'polymers',
              'uncertaintyType': 1,
              'uncertaintyTypeStr': 'lognormal',
              'unit': 'kg',
            }),
            dict({
              'CASNumber': '009002-86-2',
              'category': 'plastics',
              'class': 'Exchange',
              'formula': '',
              'generalComment': '(1,2,1,1,1,na)',
              'groups': list([
                5,
              ]),
              'groupsStr': list([
                'FromTechnosphere',
              ]),
              'infrastructureProcess': False,
              'localCategory': 'Kunststoffe',
              'localName': 'Polyvinylchlorid, Bulk-Polyvinylchlorid, ab Werk',
              'localSubCategory': 'Polymere (Granulate)',
              'location': 'RER',
              'maxValue': nan,
              'meanValue': 0.647,
              'minValue': nan,
              'mostLikelyValue': nan,
              'name': 'polyvinylchloride, bulk polymerised, at plant',
              'number': 1841,
              'pageNumbers': '',
              'referenceToSource': 0,
              'standardDeviation95': 1.05,
              'subCategory': 'polymers',
              'uncertaintyType': 1,
              'uncertaintyTypeStr': 'lognormal',
              'unit': 'kg',
            }),
            dict({
              'CASNumber': '',
              'category': 'plastics',
              'class': 'Exchange',
              'formula': '',
              'generalComment': '(1,2,1,1,1,na)',
              'groups': list([
                5,
              ]),
              'groupsStr': list([
                'FromTechnosphere',
              ]),
              'infrastructureProcess': False,
              'localCategory': 'Kunststoffe',
              'localName': 'Extrudieren, Kunststofffolie',
              'localSubCategory': 'Verarbeitung',
              'location': 'RER',
              'maxValue': nan,
              'meanValue': 1.19,
              'minValue': nan,
              'mostLikelyValue': nan,
              'name': 'extrusion, plastic film',
              'number': 1850,
              'pageNumbers': '',
              'referenceToSource': 0,
              'standardDeviation95': 1.05,
              'subCategory': 'processing',
              'uncertaintyType': 1,
              'uncertaintyTypeStr': 'lognormal',
              'unit': 'kg',
            }),
            dict({
              'CASNumber': '',
              'category': 'transport systems',
              'class': 'Exchange',
              'formula': '',
              'generalComment': '(1,2,1,1,1,na)',
              'groups': list([
                5,
              ]),
              'groupsStr': list([
                'FromTechnosphere',
              ]),
              'infrastructureProcess': False,
              'localCategory': 'Transportsysteme',
              'localName': 'Transport, Lkw 28t',
              'localSubCategory': 'Strasse',
              'location': 'CH',
              'maxValue': nan,
              'meanValue': 233.0,
              'minValue': nan,
              'mostLikelyValue': nan,
              'name': 'transport, lorry 28t',
              'number': 1942,
              'pageNumbers': '',
              'referenceToSource': 0,
              'standardDeviation95': 2.0,
              'subCategory': 'road',
              'uncertaintyType': 1,
              'uncertaintyTypeStr': 'lognormal',
              'unit': 'tkm',
            }),
            dict({
              'CASNumber': '',
              'category': 'waste management',
              'class': 'Exchange',
              'formula': '',
              'generalComment': '(1,2,1,1,1,na)',
              'groups': list([
                5,
              ]),
              'groupsStr': list([
                'FromTechnosphere',
              ]),
              'infrastructureProcess': False,
              'localCategory': 'Entsorgungssysteme',
              'localName': 'Entsorgung, Gebäude, Bitumenbahn, in Beseitigung',
              'localSubCategory': 'Gebäudeentsorgung',
              'location': 'CH',
              'maxValue': nan,
              'meanValue': 0.478,
              'minValue': nan,
              'mostLikelyValue': nan,
              'name': 'disposal, building, bitumen sheet, to final disposal',
              'number': 2004,
              'pageNumbers': '',
              'referenceToSource': 0,
              'standardDeviation95': 1.05,
              'subCategory': 'building demolition',
              'uncertaintyType': 1,
              'uncertaintyTypeStr': 'lognormal',
              'unit': 'kg',
            }),
            dict({
              'CASNumber': '',
              'category': 'waste management',
              'class': 'Exchange',
              'formula': '',
              'generalComment': '(1,2,1,1,1,na)',
              'groups': list([
                5,
              ]),
              'groupsStr': list([
                'FromTechnosphere',
              ]),
              'infrastructureProcess': False,
              'localCategory': 'Entsorgungssysteme',
              'localName': 'Entsorgung, Gebäude, Backstein, in Beseitigung',
              'localSubCategory': 'Gebäudeentsorgung',
              'location': 'CH',
              'maxValue': nan,
              'meanValue': 292.0,
              'minValue': nan,
              'mostLikelyValue': nan,
              'name': 'disposal, building, brick, to final disposal',
              'number': 2005,
              'pageNumbers': '',
              'referenceToSource': 0,
              'standardDeviation95': 1.05,
              'subCategory': 'building demolition',
              'uncertaintyType': 1,
              'uncertaintyTypeStr': 'lognormal',
              'unit': 'kg',
            }),
            dict({
              'CASNumber': '007439-89-6',
              'category': 'waste management',
              'class': 'Exchange',
              'formula': 'Fe',
              'generalComment': '(1,2,1,1,1,na)',
              'groups': list([
                5,
              ]),
              'groupsStr': list([
                'FromTechnosphere',
              ]),
              'infrastructureProcess': False,
              'localCategory': 'Entsorgungssysteme',
              'localName': 'Entsorgung, Gebäude, Massiveisen ohne Armierungseisen, in Sortieranlage',
              'localSubCategory': 'Gebäudeentsorgung',
              'location': 'CH',
              'maxValue': nan,
              'meanValue': 103.0,
              'minValue': nan,
              'mostLikelyValue': nan,
              'name': 'disposal, building, bulk iron (excluding reinforcement), to sorting plant',
              'number': 2006,
              'pageNumbers': '',
              'referenceToSource': 0,
              'standardDeviation95': 1.05,
              'subCategory': 'building demolition',
              'uncertaintyType': 1,
              'uncertaintyTypeStr': 'lognormal',
              'unit': 'kg',
            }),
            dict({
              'CASNumber': '',
              'category': 'waste management',
              'class': 'Exchange',
              'formula': '',
              'generalComment': '(1,2,1,1,1,na)',
              'groups': list([
                5,
              ]),
              'groupsStr': list([
                'FromTechnosphere',
              ]),
              'infrastructureProcess': False,
              'localCategory': 'Entsorgungssysteme',
              'localName': 'Entsorgung, Gebäude, Zement (in Beton) und Mauermörtel, in Beseitigung',
              'localSubCategory': 'Gebäudeentsorgung',
              'location': 'CH',
              'maxValue': nan,
              'meanValue': 69.8,
              'minValue': nan,
              'mostLikelyValue': nan,
              'name': 'disposal, building, cement (in concrete) and mortar, to final disposal',
              'number': 2007,
              'pageNumbers': '',
              'referenceToSource': 0,
              'standardDeviation95': 1.05,
              'subCategory': 'building demolition',
              'uncertaintyType': 1,
              'uncertaintyTypeStr': 'lognormal',
              'unit': 'kg',
            }),
            dict({
              'CASNumber': '',
              'category': 'waste management',
              'class': 'Exchange',
              'formula': '',
              'generalComment': '(1,2,1,1,1,na)',
              'groups': list([
                5,
              ]),
              'groupsStr': list([
                'FromTechnosphere',
              ]),
              'infrastructureProcess': False,
              'localCategory': 'Entsorgungssysteme',
              'localName': 'Entsorgung, Gebäude, unbewehrter Beton, in Beseitigung',
              'localSubCategory': 'Gebäudeentsorgung',
              'location': 'CH',
              'maxValue': nan,
              'meanValue': 286.0,
              'minValue': nan,
              'mostLikelyValue': nan,
              'name': 'disposal, building, concrete, not reinforced, to final disposal',
              'number': 2010,
              'pageNumbers': '',
              'referenceToSource': 0,
              'standardDeviation95': 1.05,
              'subCategory': 'building demolition',
              'uncertaintyType': 1,
              'uncertaintyTypeStr': 'lognormal',
              'unit': 'kg',
            }),
            dict({
              'CASNumber': '',
              'category': 'waste management',
              'class': 'Exchange',
              'formula': '',
              'generalComment': '(1,2,1,1,1,na)',
              'groups': list([
                5,
              ]),
              'groupsStr': list([
                'FromTechnosphere',
              ]),
              'infrastructureProcess': False,
              'localCategory': 'Entsorgungssysteme',
              'localName': 'Entsorgung, Gebäude, Flachglas, in Beseitigung',
              'localSubCategory': 'Gebäudeentsorgung',
              'location': 'CH',
              'maxValue': nan,
              'meanValue': 1.32,
              'minValue': nan,
              'mostLikelyValue': nan,
              'name': 'disposal, building, glass sheet, to final disposal',
              'number': 2019,
              'pageNumbers': '',
              'referenceToSource': 0,
              'standardDeviation95': 1.05,
              'subCategory': 'building demolition',
              'uncertaintyType': 1,
              'uncertaintyTypeStr': 'lognormal',
              'unit': 'kg',
            }),
            dict({
              'CASNumber': '',
              'category': 'waste management',
              'class': 'Exchange',
              'formula': '',
              'generalComment': '(1,2,1,1,1,na)',
              'groups': list([
                5,
              ]),
              'groupsStr': list([
                'FromTechnosphere',
              ]),
              'infrastructureProcess': False,
              'localCategory': 'Entsorgungssysteme',
              'localName': 'Entsorgung, Gebäude, Mineralwolle, in Beseitigung',
              'localSubCategory': 'Gebäudeentsorgung',
              'location': 'CH',
              'maxValue': nan,
              'meanValue': 1.03,
              'minValue': nan,
              'mostLikelyValue': nan,
              'name': 'disposal, building, mineral wool, to final disposal',
              'number': 2023,
              'pageNumbers': '',
              'referenceToSource': 0,
              'standardDeviation95': 1.05,
              'subCategory': 'building demolition',
              'uncertaintyType': 1,
              'uncertaintyTypeStr': 'lognormal',
              'unit': 'kg',
            }),
            dict({
              'CASNumber': '',
              'category': 'waste management',
              'class': 'Exchange',
              'formula': '',
              'generalComment': '(1,2,1,1,1,na)',
              'groups': list([
                5,
              ]),
              'groupsStr': list([
                'FromTechnosphere',
              ]),
              'infrastructureProcess': False,
              'localCategory': 'Entsorgungssysteme',
              'localName': 'Entsorgung, Gebäude, Polyethylen/Polypropylen-Produkte, in Beseitigung',
              'localSubCategory': 'Gebäudeentsorgung',
              'location': 'CH',
              'maxValue': nan,
              'meanValue': 45.1,
              'minValue': nan,
              'mostLikelyValue': nan,
              'name': 'disposal, building, polyethylene/polypropylene products, to final disposal',
              'number': 2038,
              'pageNumbers': '',
              'referenceToSource': 0,
              'standardDeviation95': 1.05,
              'subCategory': 'building demolition',
              'uncertaintyType': 1,
              'uncertaintyTypeStr': 'lognormal',
              'unit': 'kg',
            }),
            dict({
              'CASNumber': '009003-53-6',
              'category': 'waste management',
              'class': 'Exchange',
              'formula': '(CH2-CH-C6H5)n',
              'generalComment': '(1,2,1,1,1,na)',
              'groups': list([
                5,
              ]),
              'groupsStr': list([
                'FromTechnosphere',
              ]),
              'infrastructureProcess': False,
              'localCategory': 'Entsorgungssysteme',
              'localName': 'Entsorgung, Gebäude, EPS-Isolation flammgeschützt, in Beseitigung',
              'localSubCategory': 'Gebäudeentsorgung',
              'location': 'CH',
              'maxValue': nan,
              'meanValue': 3.35,
              'minValue': nan,
              'mostLikelyValue': nan,
              'name': 'disposal, building, polystyrene isolation, flame-retardant, to final disposal',
              'number': 2039,
              'pageNumbers': '',
              'referenceToSource': 0,
              'standardDeviation95': 1.05,
              'subCategory': 'building demolition',
              'uncertaintyType': 1,
              'uncertaintyTypeStr': 'lognormal',
              'unit': 'kg',
            }),
            dict({
              'CASNumber': '009009-54-5',
              'category': 'waste management',
              'class': 'Exchange',
              'formula': '(CH2-CH2-NH-CO-NH2)n',
              'generalComment': '(1,2,1,1,1,na)',
              'groups': list([
                5,
              ]),
              'groupsStr': list([
                'FromTechnosphere',
              ]),
              'infrastructureProcess': False,
              'localCategory': 'Entsorgungssysteme',
              'localName': 'Entsorgung, Gebäude, PUR-Schaum, in Beseitigung',
              'localSubCategory': 'Gebäudeentsorgung',
              'location': 'CH',
              'maxValue': nan,
              'meanValue': 0.088,
              'minValue': nan,
              'mostLikelyValue': nan,
              'name': 'disposal, building, polyurethane foam, to final disposal',
              'number': 2040,
              'pageNumbers': '',
              'referenceToSource': 0,
              'standardDeviation95': 1.05,
              'subCategory': 'building demolition',
              'uncertaintyType': 1,
              'uncertaintyTypeStr': 'lognormal',
              'unit': 'kg',
            }),
            dict({
              'CASNumber': '009002-86-2',
              'category': 'waste management',
              'class': 'Exchange',
              'formula': '(CH2-CHCl)n',
              'generalComment': '(1,2,1,1,1,na)',
              'groups': list([
                5,
              ]),
              'groupsStr': list([
                'FromTechnosphere',
              ]),
              'infrastructureProcess': False,
              'localCategory': 'Entsorgungssysteme',
              'localName': 'Entsorgung, Gebäude, PVC-Produkte, in Beseitigung',
              'localSubCategory': 'Gebäudeentsorgung',
              'location': 'CH',
              'maxValue': nan,
              'meanValue': 0.647,
              'minValue': nan,
              'mostLikelyValue': nan,
              'name': 'disposal, building, polyvinylchloride products, to final disposal',
              'number': 2043,
              'pageNumbers': '',
              'referenceToSource': 0,
              'standardDeviation95': 1.05,
              'subCategory': 'building demolition',
              'uncertaintyType': 1,
              'uncertaintyTypeStr': 'lognormal',
              'unit': 'kg',
            }),
            dict({
              'CASNumber': '',
              'category': 'waste management',
              'class': 'Exchange',
              'formula': '',
              'generalComment': '(1,2,1,1,1,na)',
              'groups': list([
                5,
              ]),
              'groupsStr': list([
                'FromTechnosphere',
              ]),
              'infrastructureProcess': False,
              'localCategory': 'Entsorgungssysteme',
              'localName': 'Entsorgung, Gebäude, bewehrter Beton, in Beseitigung',
              'localSubCategory': 'Gebäudeentsorgung',
              'location': 'CH',
              'maxValue': nan,
              'meanValue': 3210.0,
              'minValue': nan,
              'mostLikelyValue': nan,
              'name': 'disposal, building, reinforced concrete, to final disposal',
              'number': 2045,
              'pageNumbers': '',
              'referenceToSource': 0,
              'standardDeviation95': 1.05,
              'subCategory': 'building demolition',
              'uncertaintyType': 1,
              'uncertaintyTypeStr': 'lognormal',
              'unit': 'kg',
            }),
            dict({
              'CASNumber': '',
              'category': 'waste management',
              'class': 'Exchange',
              'formula': '',
              'generalComment': '(1,2,1,1,1,na)',
              'groups': list([
                5,
              ]),
              'groupsStr': list([
                'FromTechnosphere',
              ]),
              'infrastructureProcess': False,
              'localCategory': 'Entsorgungssysteme',
              'localName': 'Entsorgung, Gebäude, Altholz unbehandelt, in Beseitigung',
              'localSubCategory': 'Gebäudeentsorgung',
              'location': 'CH',
              'maxValue': nan,
              'meanValue': 151.0,
              'minValue': nan,
              'mostLikelyValue': nan,
              'name': 'disposal, building, waste wood, untreated, to final disposal',
              'number': 2052,
              'pageNumbers': '',
              'referenceToSource': 0,
              'standardDeviation95': 1.05,
              'subCategory': 'building demolition',
              'uncertaintyType': 1,
              'uncertaintyTypeStr': 'lognormal',
              'unit': 'kg',
            }),
            dict({
              'CASNumber': '',
              'category': 'wooden materials',
              'class': 'Exchange',
              'formula': '',
              'generalComment': '(1,2,1,1,1,na)',
              'groups': list([
                5,
              ]),
              'groupsStr': list([
                'FromTechnosphere',
              ]),
              'infrastructureProcess': False,
              'localCategory': 'Holzbaustoffe',
              'localName': 'Brettschichtholz, verleimt, Innenanwendung, ab Werk',
              'localSubCategory': 'Gewinnung',
              'location': 'RER',
              'maxValue': nan,
              'meanValue': 0.009,
              'minValue': nan,
              'mostLikelyValue': nan,
              'name': 'glued laminated timber, indoor use, at plant',
              'number': 2447,
              'pageNumbers': '',
              'referenceToSource': 0,
              'standardDeviation95': 1.05,
              'subCategory': 'extraction',
              'uncertaintyType': 1,
              'uncertaintyTypeStr': 'lognormal',
              'unit': 'm3',
            }),
            dict({
              'CASNumber': '',
              'category': 'wooden materials',
              'class': 'Exchange',
              'formula': '',
              'generalComment': '(1,2,1,1,1,na)',
              'groups': list([
                5,
              ]),
              'groupsStr': list([
                'FromTechnosphere',
              ]),
              'infrastructureProcess': False,
              'localCategory': 'Holzbaustoffe',
              'localName': 'Schnittholz, Nadelholz, gehobelt, luftgetrocknet, ab Werk',
              'localSubCategory': 'Gewinnung',
              'location': 'RER',
              'maxValue': nan,
              'meanValue': 0.293,
              'minValue': nan,
              'mostLikelyValue': nan,
              'name': 'sawn timber, softwood, planed, air dried, at plant',
              'number': 2506,
              'pageNumbers': '',
              'referenceToSource': 0,
              'standardDeviation95': 1.05,
              'subCategory': 'extraction',
              'uncertaintyType': 1,
              'uncertaintyTypeStr': 'lognormal',
              'unit': 'm3',
            }),
            dict({
              'CASNumber': '',
              'category': 'air',
              'class': 'Exchange',
              'formula': '',
              'generalComment': '(1,2,1,1,1,na)',
              'groups': list([
                4,
              ]),
              'groupsStr': list([
                'ToNature',
              ]),
              'infrastructureProcess': False,
              'localCategory': 'Luft',
              'localName': 'Abwärme',
              'localSubCategory': 'Land',
              'location': '',
              'maxValue': nan,
              'meanValue': 22.5,
              'minValue': nan,
              'mostLikelyValue': nan,
              'name': 'Heat, waste',
              'number': 2980,
              'pageNumbers': '',
              'referenceToSource': 0,
              'standardDeviation95': 1.05,
              'subCategory': 'low population density',
              'uncertaintyType': 1,
              'uncertaintyTypeStr': 'lognormal',
              'unit': 'MJ',
            }),
            dict({
              'CASNumber': '',
              'category': 'resource',
              'class': 'Exchange',
              'formula': 'CORINE 133',
              'generalComment': '(1,2,1,1,1,na)',
              'groups': list([
                4,
              ]),
              'groupsStr': list([
                'FromNature',
              ]),
              'infrastructureProcess': False,
              'localCategory': 'Ressource',
              'localName': 'Nutzung, Baustelle',
              'localSubCategory': 'Fläche',
              'location': '',
              'maxValue': nan,
              'meanValue': 7.56,
              'minValue': nan,
              'mostLikelyValue': nan,
              'name': 'Occupation, construction site',
              'number': 3749,
              'pageNumbers': '',
              'referenceToSource': 0,
              'standardDeviation95': 1.5,
              'subCategory': 'land',
              'uncertaintyType': 1,
              'uncertaintyTypeStr': 'lognormal',
              'unit': 'm2a',
            }),
            dict({
              'CASNumber': '',
              'category': 'resource',
              'class': 'Exchange',
              'formula': 'CORINE 112',
              'generalComment': '(1,2,1,1,1,na)',
              'groups': list([
                4,
              ]),
              'groupsStr': list([
                'FromNature',
              ]),
              'infrastructureProcess': False,
              'localCategory': 'Ressource',
              'localName': 'Nutzung, Siedlung, unterbrochen',
              'localSubCategory': 'Fläche',
              'location': '',
              'maxValue': nan,
              'meanValue': 189.0,
              'minValue': nan,
              'mostLikelyValue': nan,
              'name': 'Occupation, urban, discontinuously built',
              'number': 3782,
              'pageNumbers': '',
              'referenceToSource': 0,
              'standardDeviation95': 1.5,
              'subCategory': 'land',
              'uncertaintyType': 1,
              'uncertaintyTypeStr': 'lognormal',
              'unit': 'm2a',
            }),
            dict({
              'CASNumber': '',
              'category': 'resource',
              'class': 'Exchange',
              'formula': 'CORINE 231',
              'generalComment': '(1,2,1,1,1,na)',
              'groups': list([
                4,
              ]),
              'groupsStr': list([
                'FromNature',
              ]),
              'infrastructureProcess': False,
              'localCategory': 'Ressource',
              'localName': 'Umwandlung, von Wiesen und Weiden',
              'localSubCategory': 'Fläche',
              'location': '',
              'maxValue': nan,
              'meanValue': 3.78,
              'minValue': nan,
              'mostLikelyValue': nan,
              'name': 'Transformation, from pasture and meadow',
              'number': 3828,
              'pageNumbers': '',
              'referenceToSource': 0,
              'standardDeviation95': 2.0,
              'subCategory': 'land',
              'uncertaintyType': 1,
              'uncertaintyTypeStr': 'lognormal',
              'unit': 'm2',
            }),
            dict({
              'CASNumber': '',
              'category': 'resource',
              'class': 'Exchange',
              'formula': 'CORINE 112',
              'generalComment': '(1,2,1,1,1,na)',
              'groups': list([
                4,
              ]),
              'groupsStr': list([
                'FromNature',
              ]),
              'infrastructureProcess': False,
              'localCategory': 'Ressource',
              'localName': 'Umwandlung, zu Siedlung, unterbrochen',
              'localSubCategory': 'Fläche',
              'location': '',
              'maxValue': nan,
              'meanValue': 3.78,
              'minValue': nan,
              'mostLikelyValue': nan,
              'name': 'Transformation, to urban, discontinuously built',
              'number': 3890,
              'pageNumbers': '',
              'referenceToSource': 0,
              'standardDeviation95': 2.0,
              'subCategory': 'land',
              'uncertaintyType': 1,
              'uncertaintyTypeStr': 'lognormal',
              'unit': 'm2',
            }),
          ]),
        }),
        'generator': 'EcoAdmin 1.1.17.110',
        'internalSchemaVersion': '1.0',
        'metaInformation': dict({
          'administrativeInformation': dict({
            'class': 'AdministrativeInformation',
            'dataEntryBy': dict({
              'class': 'DataEntryBy',
              'person': 314,
              'qualityNetwork': 1,
            }),
            'dataGeneratorAndPublication': dict({
              'accessRestrictedTo': 0,
              'accessRestrictedToStr': 'Public',
              'class': 'DataGeneratorAndPublication',
              'companyCode': '',
              'copyright': True,
              'countryCode': '',
              'dataPublishedIn': 2,
              'dataPublishedInStr': "Data has been published entirely in 'referenceToPublishedSource'",
              'pageNumbers': '',
              'person': 313,
              'referenceToPublishedSource': 146,
            }),
            'persons': list([
              dict({
                'address': 'address',
                'class': 'Person',
                'companyCode': 'EMPA-SG',
                'countryCode': 'CH',
                'email': 'email@domain.com',
                'name': 'name',
                'number': 294,
                'telefax': 'telefax',
                'telephone': 'telephone',
              }),
              dict({
                'address': 'address',
                'class': 'Person',
                'companyCode': 'FAT',
                'countryCode': 'CH',
                'email': 'email@domain.com',
                'name': 'name',
                'number': 314,
                'telefax': 'telefax',
                'telephone': 'telephone',
              }),
              dict({
                'address': 'address',
                'class': 'Person',
                'companyCode': 'FAT',
                'countryCode': 'CH',
                'email': 'email@domain.com',
                'name': 'name',
                'number': 313,
                'telefax': 'telefax',
                'telephone': 'telephone',
              }),
            ]),
          }),
          'class': 'MetaInformation',
          'modellingAndValidation': dict({
            'class': 'ModellingAndValidation',
            'representativeness': dict({
              'class': 'Representativeness',
              'extrapolations': '',
              'percent': nan,
              'productionVolume': '',
              'samplingProcedure': 'The inventory is calculated based on a solid database of agricultural buildings.',
              'uncertaintyAdjustments': 'none',
            }),
            'sources': list([
              dict({
                'additionalAuthors': 'Heil A., Huguenin, O., Meier, S., Erzinger S., Blaser S., Dux. D., Zimmermann A.,',
                'class': 'Source',
                'firstAuthor': 'Nemecek, T.',
                'issueNo': '',
                'journal': '',
                'nameOfEditors': '',
                'number': 146,
                'pageNumbers': '',
                'placeOfPublications': 'Dübendorf, CH',
                'publisher': 'Swiss Centre for LCI, FAL & FAT',
                'sourceType': 4,
                'sourceTypeStr': 'Measurement on site',
                'text': 'CD-ROM',
                'title': 'Life Cycle Inventories of Agricultural Production Systems',
                'titleOfAnthology': 'Final report ecoinvent 2000',
                'volumeNo': 15,
                'year': 2003,
              }),
            ]),
            'validation': dict({
              'class': 'Validation',
              'otherDetails': '',
              'proofReadingDetails': 'Passed.',
              'proofReadingValidator': 294,
            }),
          }),
          'processInformation': dict({
            'class': 'ProcessInformation',
            'dataSetInformation': dict({
              'class': 'DataSetInformation',
              'energyValues': 0,
              'energyValuesStr': 'Undefined',
              'impactAssessmentResult': False,
              'internalVersion': '71.04',
              'languageCode': 'en',
              'localLanguageCode': 'de',
              'timestamp': datetime.datetime(2003, 8, 6, 22, 37, 15),
              'type': 1,
              'typeStr': 'Unit process',
              'version': '1.3',
            }),
            'geography': dict({
              'class': 'Geography',
              'location': 'CH',
              'text': 'The inventory applies for Swiss agricultural buildings only, because of the solid method of construction.',
            }),
            'referenceFunction': dict({
              'CASNumber': '',
              'amount': 1.0,
              'category': 'agricultural means of production',
              'class': 'ReferenceFunction',
              'datasetRelatesToProduct': True,
              'formula': '',
              'generalComment': 'The module includes a pen for fattening pigs with animal-friendly housing system with multispace pens and exercise area, fittings, slurry store, concentrate silo, wet mix feeding system and straw storage area. Size: 300 pig places. Lifetime of the building is 50 years.',
              'includedProcesses': 'The inventory takes into account the use of construction materials and building machines for construction, repair and replacement including waste disposal and the transportation of the materials to the building site. Not taken into account were direct emission of the construction, disposal of production waste and the use of resources during utilization phase. ',
              'infrastructureIncluded': True,
              'infrastructureProcess': True,
              'localCategory': 'Landwirtschaftliche Produktionsmittel',
              'localName': 'Labelstall, Schwein',
              'localSubCategory': 'Gebäude',
              'name': 'label housing system, pig',
              'statisticalClassification': 0,
              'subCategory': 'buildings',
              'synonyms': list([
                '0',
              ]),
              'unit': 'pig place',
            }),
            'technology': dict({
              'class': 'Technology',
              'text': 'The data of the inventory are based on one example of a typical agricultural building.',
            }),
            'timePeriod': dict({
              'class': 'TimePeriod',
              'dataValidForEntirePeriod': True,
              'endDate': datetime.date(2002, 12, 31),
              'startDate': datetime.date(1994, 1, 1),
              'text': '',
            }),
          }),
        }),
        'number': 11,
        'timestamp': datetime.datetime(2006, 10, 31, 20, 35, 50),
        'validCategories': 'Categories.xml',
        'validCompanyCodes': 'CompanyCodes.xml',
        'validRegionalCodes': 'RegionalCodes.xml',
        'validUnits': 'Units.xml',
      }),
    ]),
    'validationId': 0,
    'validationStatus': '',
  })
# ---
